Archive member included because of file (symbol)

c:/program files (x86)/atmel/avr tools/avr toolchain/bin/../lib/gcc/avr/4.5.1/../../../../avr/lib/avr51\libc.a(exit.o)
                              c:/program files (x86)/atmel/avr tools/avr toolchain/bin/../lib/gcc/avr/4.5.1/../../../../avr/lib/avr51/crtm128.o (exit)
c:/program files (x86)/atmel/avr tools/avr toolchain/bin/../lib/gcc/avr/4.5.1/../../../../avr/lib/avr51\libc.a(sprintf.o)
                              MobileRobot.o (sprintf)
c:/program files (x86)/atmel/avr tools/avr toolchain/bin/../lib/gcc/avr/4.5.1/../../../../avr/lib/avr51\libc.a(addsf3.o)
                              Motor.o (__subsf3)
c:/program files (x86)/atmel/avr tools/avr toolchain/bin/../lib/gcc/avr/4.5.1/../../../../avr/lib/avr51\libc.a(addsf3x.o)
                              c:/program files (x86)/atmel/avr tools/avr toolchain/bin/../lib/gcc/avr/4.5.1/../../../../avr/lib/avr51\libc.a(addsf3.o) (__addsf3x)
c:/program files (x86)/atmel/avr tools/avr toolchain/bin/../lib/gcc/avr/4.5.1/../../../../avr/lib/avr51\libc.a(ceil.o)
                              Move.o (ceil)
c:/program files (x86)/atmel/avr tools/avr toolchain/bin/../lib/gcc/avr/4.5.1/../../../../avr/lib/avr51\libc.a(cmpsf2.o)
                              Motor.o (__eqsf2)
c:/program files (x86)/atmel/avr tools/avr toolchain/bin/../lib/gcc/avr/4.5.1/../../../../avr/lib/avr51\libc.a(cos.o)
                              Motor.o (cos)
c:/program files (x86)/atmel/avr tools/avr toolchain/bin/../lib/gcc/avr/4.5.1/../../../../avr/lib/avr51\libc.a(divsf3.o)
                              Motor.o (__divsf3)
c:/program files (x86)/atmel/avr tools/avr toolchain/bin/../lib/gcc/avr/4.5.1/../../../../avr/lib/avr51\libc.a(divsf3x.o)
                              c:/program files (x86)/atmel/avr tools/avr toolchain/bin/../lib/gcc/avr/4.5.1/../../../../avr/lib/avr51\libc.a(divsf3.o) (__divsf3x)
c:/program files (x86)/atmel/avr tools/avr toolchain/bin/../lib/gcc/avr/4.5.1/../../../../avr/lib/avr51\libc.a(fixsfsi.o)
                              MobileRobot.o (__fixsfsi)
c:/program files (x86)/atmel/avr tools/avr toolchain/bin/../lib/gcc/avr/4.5.1/../../../../avr/lib/avr51\libc.a(fixunssfsi.o)
                              Sensor.o (__fixunssfsi)
c:/program files (x86)/atmel/avr tools/avr toolchain/bin/../lib/gcc/avr/4.5.1/../../../../avr/lib/avr51\libc.a(floatsisf.o)
                              Motor.o (__floatsisf)
c:/program files (x86)/atmel/avr tools/avr toolchain/bin/../lib/gcc/avr/4.5.1/../../../../avr/lib/avr51\libc.a(fp_cmp.o)
                              c:/program files (x86)/atmel/avr tools/avr toolchain/bin/../lib/gcc/avr/4.5.1/../../../../avr/lib/avr51\libc.a(cmpsf2.o) (__fp_cmp)
c:/program files (x86)/atmel/avr tools/avr toolchain/bin/../lib/gcc/avr/4.5.1/../../../../avr/lib/avr51\libc.a(fp_inf.o)
                              c:/program files (x86)/atmel/avr tools/avr toolchain/bin/../lib/gcc/avr/4.5.1/../../../../avr/lib/avr51\libc.a(addsf3x.o) (__fp_inf)
c:/program files (x86)/atmel/avr tools/avr toolchain/bin/../lib/gcc/avr/4.5.1/../../../../avr/lib/avr51\libc.a(fp_mintl.o)
                              c:/program files (x86)/atmel/avr tools/avr toolchain/bin/../lib/gcc/avr/4.5.1/../../../../avr/lib/avr51\libc.a(ceil.o) (__fp_mintl)
c:/program files (x86)/atmel/avr tools/avr toolchain/bin/../lib/gcc/avr/4.5.1/../../../../avr/lib/avr51\libc.a(fp_mpack.o)
                              c:/program files (x86)/atmel/avr tools/avr toolchain/bin/../lib/gcc/avr/4.5.1/../../../../avr/lib/avr51\libc.a(ceil.o) (__fp_mpack)
c:/program files (x86)/atmel/avr tools/avr toolchain/bin/../lib/gcc/avr/4.5.1/../../../../avr/lib/avr51\libc.a(fp_nan.o)
                              c:/program files (x86)/atmel/avr tools/avr toolchain/bin/../lib/gcc/avr/4.5.1/../../../../avr/lib/avr51\libc.a(addsf3x.o) (__fp_nan)
c:/program files (x86)/atmel/avr tools/avr toolchain/bin/../lib/gcc/avr/4.5.1/../../../../avr/lib/avr51\libc.a(fp_pscA.o)
                              c:/program files (x86)/atmel/avr tools/avr toolchain/bin/../lib/gcc/avr/4.5.1/../../../../avr/lib/avr51\libc.a(addsf3x.o) (__fp_pscA)
c:/program files (x86)/atmel/avr tools/avr toolchain/bin/../lib/gcc/avr/4.5.1/../../../../avr/lib/avr51\libc.a(fp_pscB.o)
                              c:/program files (x86)/atmel/avr tools/avr toolchain/bin/../lib/gcc/avr/4.5.1/../../../../avr/lib/avr51\libc.a(addsf3x.o) (__fp_pscB)
c:/program files (x86)/atmel/avr tools/avr toolchain/bin/../lib/gcc/avr/4.5.1/../../../../avr/lib/avr51\libc.a(fp_rempio2.o)
                              c:/program files (x86)/atmel/avr tools/avr toolchain/bin/../lib/gcc/avr/4.5.1/../../../../avr/lib/avr51\libc.a(cos.o) (__fp_rempio2)
c:/program files (x86)/atmel/avr tools/avr toolchain/bin/../lib/gcc/avr/4.5.1/../../../../avr/lib/avr51\libc.a(fp_round.o)
                              c:/program files (x86)/atmel/avr tools/avr toolchain/bin/../lib/gcc/avr/4.5.1/../../../../avr/lib/avr51\libc.a(addsf3.o) (__fp_round)
c:/program files (x86)/atmel/avr tools/avr toolchain/bin/../lib/gcc/avr/4.5.1/../../../../avr/lib/avr51\libc.a(fp_sinus.o)
                              c:/program files (x86)/atmel/avr tools/avr toolchain/bin/../lib/gcc/avr/4.5.1/../../../../avr/lib/avr51\libc.a(cos.o) (__fp_sinus)
c:/program files (x86)/atmel/avr tools/avr toolchain/bin/../lib/gcc/avr/4.5.1/../../../../avr/lib/avr51\libc.a(fp_split3.o)
                              c:/program files (x86)/atmel/avr tools/avr toolchain/bin/../lib/gcc/avr/4.5.1/../../../../avr/lib/avr51\libc.a(addsf3x.o) (__fp_split3)
c:/program files (x86)/atmel/avr tools/avr toolchain/bin/../lib/gcc/avr/4.5.1/../../../../avr/lib/avr51\libc.a(fp_trunc.o)
                              c:/program files (x86)/atmel/avr tools/avr toolchain/bin/../lib/gcc/avr/4.5.1/../../../../avr/lib/avr51\libc.a(ceil.o) (__fp_trunc)
c:/program files (x86)/atmel/avr tools/avr toolchain/bin/../lib/gcc/avr/4.5.1/../../../../avr/lib/avr51\libc.a(fp_zero.o)
                              c:/program files (x86)/atmel/avr tools/avr toolchain/bin/../lib/gcc/avr/4.5.1/../../../../avr/lib/avr51\libc.a(addsf3x.o) (__fp_zero)
c:/program files (x86)/atmel/avr tools/avr toolchain/bin/../lib/gcc/avr/4.5.1/../../../../avr/lib/avr51\libc.a(gesf2.o)
                              Motor.o (__gtsf2)
c:/program files (x86)/atmel/avr tools/avr toolchain/bin/../lib/gcc/avr/4.5.1/../../../../avr/lib/avr51\libc.a(hypot.o)
                              Move.o (hypot)
c:/program files (x86)/atmel/avr tools/avr toolchain/bin/../lib/gcc/avr/4.5.1/../../../../avr/lib/avr51\libc.a(ldexp.o)
                              c:/program files (x86)/atmel/avr tools/avr toolchain/bin/../lib/gcc/avr/4.5.1/../../../../avr/lib/avr51\libc.a(hypot.o) (ldexp)
c:/program files (x86)/atmel/avr tools/avr toolchain/bin/../lib/gcc/avr/4.5.1/../../../../avr/lib/avr51\libc.a(mulsf3.o)
                              Motor.o (__mulsf3)
c:/program files (x86)/atmel/avr tools/avr toolchain/bin/../lib/gcc/avr/4.5.1/../../../../avr/lib/avr51\libc.a(mulsf3x.o)
                              c:/program files (x86)/atmel/avr tools/avr toolchain/bin/../lib/gcc/avr/4.5.1/../../../../avr/lib/avr51\libc.a(mulsf3.o) (__mulsf3x)
c:/program files (x86)/atmel/avr tools/avr toolchain/bin/../lib/gcc/avr/4.5.1/../../../../avr/lib/avr51\libc.a(sqrt.o)
                              c:/program files (x86)/atmel/avr tools/avr toolchain/bin/../lib/gcc/avr/4.5.1/../../../../avr/lib/avr51\libc.a(hypot.o) (sqrt)
c:/program files (x86)/atmel/avr tools/avr toolchain/bin/../lib/gcc/avr/4.5.1/../../../../avr/lib/avr51\libc.a(vfprintf_std.o)
                              c:/program files (x86)/atmel/avr tools/avr toolchain/bin/../lib/gcc/avr/4.5.1/../../../../avr/lib/avr51\libc.a(sprintf.o) (vfprintf)
c:/program files (x86)/atmel/avr tools/avr toolchain/bin/../lib/gcc/avr/4.5.1/../../../../avr/lib/avr51\libc.a(strnlen_P.o)
                              c:/program files (x86)/atmel/avr tools/avr toolchain/bin/../lib/gcc/avr/4.5.1/../../../../avr/lib/avr51\libc.a(vfprintf_std.o) (strnlen_P)
c:/program files (x86)/atmel/avr tools/avr toolchain/bin/../lib/gcc/avr/4.5.1/../../../../avr/lib/avr51\libc.a(strnlen.o)
                              c:/program files (x86)/atmel/avr tools/avr toolchain/bin/../lib/gcc/avr/4.5.1/../../../../avr/lib/avr51\libc.a(vfprintf_std.o) (strnlen)
c:/program files (x86)/atmel/avr tools/avr toolchain/bin/../lib/gcc/avr/4.5.1/../../../../avr/lib/avr51\libc.a(fputc.o)
                              c:/program files (x86)/atmel/avr tools/avr toolchain/bin/../lib/gcc/avr/4.5.1/../../../../avr/lib/avr51\libc.a(vfprintf_std.o) (fputc)
c:/program files (x86)/atmel/avr tools/avr toolchain/bin/../lib/gcc/avr/4.5.1/../../../../avr/lib/avr51\libc.a(ultoa_invert.o)
                              c:/program files (x86)/atmel/avr tools/avr toolchain/bin/../lib/gcc/avr/4.5.1/../../../../avr/lib/avr51\libc.a(vfprintf_std.o) (__ultoa_invert)
c:/program files (x86)/atmel/avr tools/avr toolchain/bin/../lib/gcc/avr/4.5.1/../../../../avr/lib/avr51\libc.a(fp_norm2.o)
                              c:/program files (x86)/atmel/avr tools/avr toolchain/bin/../lib/gcc/avr/4.5.1/../../../../avr/lib/avr51\libc.a(sqrt.o) (__fp_norm2)
c:/program files (x86)/atmel/avr tools/avr toolchain/bin/../lib/gcc/avr/4.5.1/../../../../avr/lib/avr51\libc.a(fp_powsodd.o)
                              c:/program files (x86)/atmel/avr tools/avr toolchain/bin/../lib/gcc/avr/4.5.1/../../../../avr/lib/avr51\libc.a(fp_sinus.o) (__fp_powsodd)
c:/program files (x86)/atmel/avr tools/avr toolchain/bin/../lib/gcc/avr/4.5.1/../../../../avr/lib/avr51\libc.a(fp_powser.o)
                              c:/program files (x86)/atmel/avr tools/avr toolchain/bin/../lib/gcc/avr/4.5.1/../../../../avr/lib/avr51\libc.a(fp_powsodd.o) (__fp_powser)
c:/program files (x86)/atmel/avr tools/avr toolchain/bin/../lib/gcc/avr/4.5.1/avr51\libgcc.a(_udivmodqi4.o)
                              Interface.o (__udivmodqi4)
c:/program files (x86)/atmel/avr tools/avr toolchain/bin/../lib/gcc/avr/4.5.1/avr51\libgcc.a(_divmodhi4.o)
                              MobileRobot.o (__divmodhi4)
c:/program files (x86)/atmel/avr tools/avr toolchain/bin/../lib/gcc/avr/4.5.1/avr51\libgcc.a(_exit.o)
                              c:/program files (x86)/atmel/avr tools/avr toolchain/bin/../lib/gcc/avr/4.5.1/../../../../avr/lib/avr51\libc.a(exit.o) (_exit)
c:/program files (x86)/atmel/avr tools/avr toolchain/bin/../lib/gcc/avr/4.5.1/avr51\libgcc.a(_copy_data.o)
                              MobileRobot.o (__do_copy_data)
c:/program files (x86)/atmel/avr tools/avr toolchain/bin/../lib/gcc/avr/4.5.1/avr51\libgcc.a(_clear_bss.o)
                              Interface.o (__do_clear_bss)
c:/program files (x86)/atmel/avr tools/avr toolchain/bin/../lib/gcc/avr/4.5.1/avr51\libgcc.a(_udivmodhi4.o)
                              c:/program files (x86)/atmel/avr tools/avr toolchain/bin/../lib/gcc/avr/4.5.1/avr51\libgcc.a(_divmodhi4.o) (__udivmodhi4)

Allocating common symbols
Common symbol       size              file

ba1                 0x2               Interface.o
sgx                 0x4               Move.o
cGate               0x2               MobileRobot.o
acf                 0x4               Interface.o
IND_2               0x2               Move.o
sColor              0x4               MobileRobot.o
zacf                0x4               Interface.o
bar_1               0x2               Interface.o
g_psd               0xa               Interface.o
sba2                0x2               Interface.o
oc                  0x2               Interface.o
pos                 0xc               Motor.o
ba5                 0x2               Interface.o
IR_2                0x2               Move.o
line                0x2               MobileRobot.o
IR_4                0x2               Move.o
cacf                0x4               Interface.o
front               0x4               Motor.o
psd                 0xa               Interface.o
psdTimer            0x2               Interface.o
sbar_1              0x2               Interface.o
ba4                 0x2               Interface.o
bar_3               0x2               Interface.o
gyro                0x4               Motor.o
ba3                 0x2               Interface.o
IR_1                0x2               Move.o
sba1                0x2               Interface.o
sga                 0x4               Move.o
ba2                 0x2               Interface.o
IND_1               0x2               Move.o
pro                 0x5a              Move.o
scanS               0x2               MobileRobot.o
goalColor           0x2               MobileRobot.o
co                  0x28              Move.o
IR_5                0x2               Move.o
sgy                 0x4               Move.o
dir                 0x2               MobileRobot.o
bar_4               0x2               Interface.o
bar_5               0x2               Interface.o
rearGyro            0x4               Motor.o
buf                 0x14              Move.o
pc                  0x2               Interface.o
code                0x2               Move.o
msp                 0x10              Move.o
IR_3                0x2               Move.o
start               0x2               MobileRobot.o
gsp                 0x10              Move.o
tot                 0x2               Move.o
wa                  0x2               Interface.o
bar_2               0x2               Interface.o
status              0x1               Motor.o
area                0x2               MobileRobot.o
sbar_2              0x2               Interface.o

Memory Configuration

Name             Origin             Length             Attributes
text             0x00000000         0x00020000         xr
data             0x00800100         0x0000ff00         rw !x
eeprom           0x00810000         0x00010000         rw !x
fuse             0x00820000         0x00000400         rw !x
lock             0x00830000         0x00000400         rw !x
signature        0x00840000         0x00000400         rw !x
*default*        0x00000000         0xffffffff

Linker script and memory map

Address of section .data set to 0x800100
LOAD c:/program files (x86)/atmel/avr tools/avr toolchain/bin/../lib/gcc/avr/4.5.1/../../../../avr/lib/avr51/crtm128.o
LOAD Interface.o
LOAD MobileRobot.o
LOAD Motor.o
LOAD Move.o
LOAD Sensor.o
LOAD c:/program files (x86)/atmel/avr tools/avr toolchain/bin/../lib/gcc/avr/4.5.1/../../../../avr/lib/avr51\libc.a
LOAD c:/program files (x86)/atmel/avr tools/avr toolchain/bin/../lib/gcc/avr/4.5.1/avr51\libgcc.a
LOAD c:/program files (x86)/atmel/avr tools/avr toolchain/bin/../lib/gcc/avr/4.5.1/../../../../avr/lib/avr51\libc.a
LOAD c:/program files (x86)/atmel/avr tools/avr toolchain/bin/../lib/gcc/avr/4.5.1/avr51\libgcc.a

.hash
 *(.hash)

.dynsym
 *(.dynsym)

.dynstr
 *(.dynstr)

.gnu.version
 *(.gnu.version)

.gnu.version_d
 *(.gnu.version_d)

.gnu.version_r
 *(.gnu.version_r)

.rel.init
 *(.rel.init)

.rela.init
 *(.rela.init)

.rel.text
 *(.rel.text)
 *(.rel.text.*)
 *(.rel.gnu.linkonce.t*)

.rela.text
 *(.rela.text)
 *(.rela.text.*)
 *(.rela.gnu.linkonce.t*)

.rel.fini
 *(.rel.fini)

.rela.fini
 *(.rela.fini)

.rel.rodata
 *(.rel.rodata)
 *(.rel.rodata.*)
 *(.rel.gnu.linkonce.r*)

.rela.rodata
 *(.rela.rodata)
 *(.rela.rodata.*)
 *(.rela.gnu.linkonce.r*)

.rel.data
 *(.rel.data)
 *(.rel.data.*)
 *(.rel.gnu.linkonce.d*)

.rela.data
 *(.rela.data)
 *(.rela.data.*)
 *(.rela.gnu.linkonce.d*)

.rel.ctors
 *(.rel.ctors)

.rela.ctors
 *(.rela.ctors)

.rel.dtors
 *(.rel.dtors)

.rela.dtors
 *(.rela.dtors)

.rel.got
 *(.rel.got)

.rela.got
 *(.rela.got)

.rel.bss
 *(.rel.bss)

.rela.bss
 *(.rela.bss)

.rel.plt
 *(.rel.plt)

.rela.plt
 *(.rela.plt)

.text           0x00000000     0xe1f2
 *(.vectors)
 .vectors       0x00000000       0x8c c:/program files (x86)/atmel/avr tools/avr toolchain/bin/../lib/gcc/avr/4.5.1/../../../../avr/lib/avr51/crtm128.o
                0x00000000                __vector_default
                0x00000000                __vectors
 *(.vectors)
 *(.progmem.gcc*)
 .progmem.gcc_fplib
                0x0000008c       0x1e c:/program files (x86)/atmel/avr tools/avr toolchain/bin/../lib/gcc/avr/4.5.1/../../../../avr/lib/avr51\libc.a(fp_sinus.o)
 *(.progmem*)
                0x000000aa                . = ALIGN (0x2)
                0x000000aa                __trampolines_start = .
 *(.trampolines)
 .trampolines   0x000000aa        0x0 linker stubs
 *(.trampolines*)
                0x000000aa                __trampolines_end = .
 *(.jumptables)
 *(.jumptables*)
 *(.lowtext)
 *(.lowtext*)
                0x000000aa                __ctors_start = .
 *(.ctors)
                0x000000aa                __ctors_end = .
                0x000000aa                __dtors_start = .
 *(.dtors)
                0x000000aa                __dtors_end = .
 SORT(*)(.ctors)
 SORT(*)(.dtors)
 *(.init0)
 .init0         0x000000aa        0x0 c:/program files (x86)/atmel/avr tools/avr toolchain/bin/../lib/gcc/avr/4.5.1/../../../../avr/lib/avr51/crtm128.o
                0x000000aa                __init
 *(.init0)
 *(.init1)
 *(.init1)
 *(.init2)
 .init2         0x000000aa        0xc c:/program files (x86)/atmel/avr tools/avr toolchain/bin/../lib/gcc/avr/4.5.1/../../../../avr/lib/avr51/crtm128.o
 *(.init2)
 *(.init3)
 *(.init3)
 *(.init4)
 .init4         0x000000b6       0x1a c:/program files (x86)/atmel/avr tools/avr toolchain/bin/../lib/gcc/avr/4.5.1/avr51\libgcc.a(_copy_data.o)
                0x000000b6                __do_copy_data
 .init4         0x000000d0       0x10 c:/program files (x86)/atmel/avr tools/avr toolchain/bin/../lib/gcc/avr/4.5.1/avr51\libgcc.a(_clear_bss.o)
                0x000000d0                __do_clear_bss
 *(.init4)
 *(.init5)
 *(.init5)
 *(.init6)
 *(.init6)
 *(.init7)
 *(.init7)
 *(.init8)
 *(.init8)
 *(.init9)
 .init9         0x000000e0        0x8 c:/program files (x86)/atmel/avr tools/avr toolchain/bin/../lib/gcc/avr/4.5.1/../../../../avr/lib/avr51/crtm128.o
 *(.init9)
 *(.text)
 .text          0x000000e8        0x4 c:/program files (x86)/atmel/avr tools/avr toolchain/bin/../lib/gcc/avr/4.5.1/../../../../avr/lib/avr51/crtm128.o
                0x000000e8                __vector_22
                0x000000e8                __vector_28
                0x000000e8                __vector_1
                0x000000e8                __vector_32
                0x000000e8                __vector_34
                0x000000e8                __vector_24
                0x000000e8                __vector_12
                0x000000e8                __bad_interrupt
                0x000000e8                __vector_6
                0x000000e8                __vector_31
                0x000000e8                __vector_3
                0x000000e8                __vector_23
                0x000000e8                __vector_25
                0x000000e8                __vector_11
                0x000000e8                __vector_13
                0x000000e8                __vector_17
                0x000000e8                __vector_19
                0x000000e8                __vector_7
                0x000000e8                __vector_27
                0x000000e8                __vector_5
                0x000000e8                __vector_33
                0x000000e8                __vector_4
                0x000000e8                __vector_9
                0x000000e8                __vector_2
                0x000000e8                __vector_21
                0x000000e8                __vector_15
                0x000000e8                __vector_29
                0x000000e8                __vector_8
                0x000000e8                __vector_26
                0x000000e8                __vector_10
                0x000000e8                __vector_16
                0x000000e8                __vector_20
 .text          0x000000ec      0x36a Interface.o
                0x000000ec                read_gyro
                0x00000162                write_gyro
                0x000001b0                MCU_init
                0x000001ce                Interface_init
                0x00000214                __vector_30
                0x00000256                getchar1
                0x0000027c                putchar1
                0x0000028a                lcd_write_data
                0x000002ce                LCD
                0x00000356                write_lcd_data
                0x000003b0                lcd_clear_screen
                0x000003cc                display_char
 .text          0x00000456     0x7360 MobileRobot.o
                0x00000456                MoveArea
                0x00004842                main
                0x000064bc                Scan
                0x000065a0                SolveArea
 .text          0x000077b6      0xe5e Motor.o
                0x000077b6                ReadData
                0x000077de                WriteCommand
                0x000077fe                StartMotion
                0x00007818                WriteDataTwoByte
                0x00007856                StopMotion
                0x000078bc                WriteDataFourByte
                0x000078f0                Motor_Reset
                0x0000791c                SetGain
                0x000079d4                SetGain2
                0x00007a9e                SetAcceleration
                0x00007ad4                Motor_init
                0x00007b36                SetVelocity
                0x00007ba4                MOTOR_CTR
                0x00007c6e                SetPosition
                0x00007ce0                LM629_HW_Reset
                0x00007ea6                get_gyro
                0x00008118                speed
                0x00008364                wrcm
 .text          0x00008614     0x4c0c Move.o
                0x00008614                Omni
                0x000087f2                OmniSet
                0x000089de                IR
                0x00008a74                __vector_14
                0x00008f3a                SS
                0x00008f72                SensorIn
                0x00008fbe                TM
                0x00008fe2                T
                0x00009080                LF
                0x00009114                TB2
                0x00009580                TB
                0x000099f0                Axis
                0x00009da2                MovePsd
                0x0000a176                MoveLineCheck
                0x0000a5b6                Od2
                0x0000aa0c                CPsd
                0x0000b078                Drift
                0x0000b3b0                Ot
                0x0000b76c                At
                0x0000ba2c                Ad
                0x0000c006                Avoid
                0x0000c442                AB
                0x0000caa2                LS
                0x0000cbce                LC
                0x0000cc4e                MoveLine
                0x0000cec8                V1
                0x0000d1a0                FixAngle
 .text          0x0000d220      0x222 Sensor.o
                0x0000d220                Camera_init
                0x0000d254                Cmd
                0x0000d290                Setting
                0x0000d2ca                Sensor_init
                0x0000d2f2                __vector_18
 .text          0x0000d442        0x0 c:/program files (x86)/atmel/avr tools/avr toolchain/bin/../lib/gcc/avr/4.5.1/../../../../avr/lib/avr51\libc.a(exit.o)
 .text          0x0000d442        0x0 c:/program files (x86)/atmel/avr tools/avr toolchain/bin/../lib/gcc/avr/4.5.1/../../../../avr/lib/avr51\libc.a(sprintf.o)
 .text          0x0000d442        0x0 c:/program files (x86)/atmel/avr tools/avr toolchain/bin/../lib/gcc/avr/4.5.1/../../../../avr/lib/avr51\libc.a(addsf3.o)
 .text          0x0000d442        0x0 c:/program files (x86)/atmel/avr tools/avr toolchain/bin/../lib/gcc/avr/4.5.1/../../../../avr/lib/avr51\libc.a(addsf3x.o)
 .text          0x0000d442        0x0 c:/program files (x86)/atmel/avr tools/avr toolchain/bin/../lib/gcc/avr/4.5.1/../../../../avr/lib/avr51\libc.a(ceil.o)
 .text          0x0000d442        0x0 c:/program files (x86)/atmel/avr tools/avr toolchain/bin/../lib/gcc/avr/4.5.1/../../../../avr/lib/avr51\libc.a(cmpsf2.o)
 .text          0x0000d442        0x0 c:/program files (x86)/atmel/avr tools/avr toolchain/bin/../lib/gcc/avr/4.5.1/../../../../avr/lib/avr51\libc.a(cos.o)
 .text          0x0000d442        0x0 c:/program files (x86)/atmel/avr tools/avr toolchain/bin/../lib/gcc/avr/4.5.1/../../../../avr/lib/avr51\libc.a(divsf3.o)
 .text          0x0000d442        0x0 c:/program files (x86)/atmel/avr tools/avr toolchain/bin/../lib/gcc/avr/4.5.1/../../../../avr/lib/avr51\libc.a(divsf3x.o)
 .text          0x0000d442        0x0 c:/program files (x86)/atmel/avr tools/avr toolchain/bin/../lib/gcc/avr/4.5.1/../../../../avr/lib/avr51\libc.a(fixsfsi.o)
 .text          0x0000d442        0x0 c:/program files (x86)/atmel/avr tools/avr toolchain/bin/../lib/gcc/avr/4.5.1/../../../../avr/lib/avr51\libc.a(fixunssfsi.o)
 .text          0x0000d442        0x0 c:/program files (x86)/atmel/avr tools/avr toolchain/bin/../lib/gcc/avr/4.5.1/../../../../avr/lib/avr51\libc.a(floatsisf.o)
 .text          0x0000d442        0x0 c:/program files (x86)/atmel/avr tools/avr toolchain/bin/../lib/gcc/avr/4.5.1/../../../../avr/lib/avr51\libc.a(fp_cmp.o)
 .text          0x0000d442        0x0 c:/program files (x86)/atmel/avr tools/avr toolchain/bin/../lib/gcc/avr/4.5.1/../../../../avr/lib/avr51\libc.a(fp_inf.o)
 .text          0x0000d442        0x0 c:/program files (x86)/atmel/avr tools/avr toolchain/bin/../lib/gcc/avr/4.5.1/../../../../avr/lib/avr51\libc.a(fp_mintl.o)
 .text          0x0000d442        0x0 c:/program files (x86)/atmel/avr tools/avr toolchain/bin/../lib/gcc/avr/4.5.1/../../../../avr/lib/avr51\libc.a(fp_mpack.o)
 .text          0x0000d442        0x0 c:/program files (x86)/atmel/avr tools/avr toolchain/bin/../lib/gcc/avr/4.5.1/../../../../avr/lib/avr51\libc.a(fp_nan.o)
 .text          0x0000d442        0x0 c:/program files (x86)/atmel/avr tools/avr toolchain/bin/../lib/gcc/avr/4.5.1/../../../../avr/lib/avr51\libc.a(fp_pscA.o)
 .text          0x0000d442        0x0 c:/program files (x86)/atmel/avr tools/avr toolchain/bin/../lib/gcc/avr/4.5.1/../../../../avr/lib/avr51\libc.a(fp_pscB.o)
 .text          0x0000d442        0x0 c:/program files (x86)/atmel/avr tools/avr toolchain/bin/../lib/gcc/avr/4.5.1/../../../../avr/lib/avr51\libc.a(fp_rempio2.o)
 .text          0x0000d442        0x0 c:/program files (x86)/atmel/avr tools/avr toolchain/bin/../lib/gcc/avr/4.5.1/../../../../avr/lib/avr51\libc.a(fp_round.o)
 .text          0x0000d442        0x0 c:/program files (x86)/atmel/avr tools/avr toolchain/bin/../lib/gcc/avr/4.5.1/../../../../avr/lib/avr51\libc.a(fp_sinus.o)
 .text          0x0000d442        0x0 c:/program files (x86)/atmel/avr tools/avr toolchain/bin/../lib/gcc/avr/4.5.1/../../../../avr/lib/avr51\libc.a(fp_split3.o)
 .text          0x0000d442        0x0 c:/program files (x86)/atmel/avr tools/avr toolchain/bin/../lib/gcc/avr/4.5.1/../../../../avr/lib/avr51\libc.a(fp_trunc.o)
 .text          0x0000d442        0x0 c:/program files (x86)/atmel/avr tools/avr toolchain/bin/../lib/gcc/avr/4.5.1/../../../../avr/lib/avr51\libc.a(fp_zero.o)
 .text          0x0000d442        0x0 c:/program files (x86)/atmel/avr tools/avr toolchain/bin/../lib/gcc/avr/4.5.1/../../../../avr/lib/avr51\libc.a(gesf2.o)
 .text          0x0000d442        0x0 c:/program files (x86)/atmel/avr tools/avr toolchain/bin/../lib/gcc/avr/4.5.1/../../../../avr/lib/avr51\libc.a(hypot.o)
 .text          0x0000d442        0x0 c:/program files (x86)/atmel/avr tools/avr toolchain/bin/../lib/gcc/avr/4.5.1/../../../../avr/lib/avr51\libc.a(ldexp.o)
 .text          0x0000d442        0x0 c:/program files (x86)/atmel/avr tools/avr toolchain/bin/../lib/gcc/avr/4.5.1/../../../../avr/lib/avr51\libc.a(mulsf3.o)
 .text          0x0000d442        0x0 c:/program files (x86)/atmel/avr tools/avr toolchain/bin/../lib/gcc/avr/4.5.1/../../../../avr/lib/avr51\libc.a(mulsf3x.o)
 .text          0x0000d442        0x0 c:/program files (x86)/atmel/avr tools/avr toolchain/bin/../lib/gcc/avr/4.5.1/../../../../avr/lib/avr51\libc.a(sqrt.o)
 .text          0x0000d442        0x0 c:/program files (x86)/atmel/avr tools/avr toolchain/bin/../lib/gcc/avr/4.5.1/../../../../avr/lib/avr51\libc.a(vfprintf_std.o)
 .text          0x0000d442        0x0 c:/program files (x86)/atmel/avr tools/avr toolchain/bin/../lib/gcc/avr/4.5.1/../../../../avr/lib/avr51\libc.a(strnlen_P.o)
 .text          0x0000d442        0x0 c:/program files (x86)/atmel/avr tools/avr toolchain/bin/../lib/gcc/avr/4.5.1/../../../../avr/lib/avr51\libc.a(strnlen.o)
 .text          0x0000d442        0x0 c:/program files (x86)/atmel/avr tools/avr toolchain/bin/../lib/gcc/avr/4.5.1/../../../../avr/lib/avr51\libc.a(fputc.o)
 .text          0x0000d442        0x0 c:/program files (x86)/atmel/avr tools/avr toolchain/bin/../lib/gcc/avr/4.5.1/../../../../avr/lib/avr51\libc.a(ultoa_invert.o)
 .text          0x0000d442        0x0 c:/program files (x86)/atmel/avr tools/avr toolchain/bin/../lib/gcc/avr/4.5.1/../../../../avr/lib/avr51\libc.a(fp_norm2.o)
 .text          0x0000d442        0x0 c:/program files (x86)/atmel/avr tools/avr toolchain/bin/../lib/gcc/avr/4.5.1/../../../../avr/lib/avr51\libc.a(fp_powsodd.o)
 .text          0x0000d442        0x0 c:/program files (x86)/atmel/avr tools/avr toolchain/bin/../lib/gcc/avr/4.5.1/../../../../avr/lib/avr51\libc.a(fp_powser.o)
 .text          0x0000d442        0x0 c:/program files (x86)/atmel/avr tools/avr toolchain/bin/../lib/gcc/avr/4.5.1/avr51\libgcc.a(_udivmodqi4.o)
 .text          0x0000d442        0x0 c:/program files (x86)/atmel/avr tools/avr toolchain/bin/../lib/gcc/avr/4.5.1/avr51\libgcc.a(_divmodhi4.o)
 .text          0x0000d442        0x0 c:/program files (x86)/atmel/avr tools/avr toolchain/bin/../lib/gcc/avr/4.5.1/avr51\libgcc.a(_exit.o)
 .text          0x0000d442        0x0 c:/program files (x86)/atmel/avr tools/avr toolchain/bin/../lib/gcc/avr/4.5.1/avr51\libgcc.a(_copy_data.o)
 .text          0x0000d442        0x0 c:/program files (x86)/atmel/avr tools/avr toolchain/bin/../lib/gcc/avr/4.5.1/avr51\libgcc.a(_clear_bss.o)
 .text          0x0000d442        0x0 c:/program files (x86)/atmel/avr tools/avr toolchain/bin/../lib/gcc/avr/4.5.1/avr51\libgcc.a(_udivmodhi4.o)
                0x0000d442                . = ALIGN (0x2)
 *(.text.*)
 .text.avr-libc
                0x0000d442        0x6 c:/program files (x86)/atmel/avr tools/avr toolchain/bin/../lib/gcc/avr/4.5.1/../../../../avr/lib/avr51\libc.a(exit.o)
                0x0000d442                exit
 .text.avr-libc
                0x0000d448       0x60 c:/program files (x86)/atmel/avr tools/avr toolchain/bin/../lib/gcc/avr/4.5.1/../../../../avr/lib/avr51\libc.a(sprintf.o)
                0x0000d448                sprintf
 .text.avr-libc.fplib
                0x0000d4a8        0xa c:/program files (x86)/atmel/avr tools/avr toolchain/bin/../lib/gcc/avr/4.5.1/../../../../avr/lib/avr51\libc.a(addsf3.o)
                0x0000d4a8                __subsf3
                0x0000d4aa                __addsf3
 .text.avr-libc.fplib
                0x0000d4b2       0xc0 c:/program files (x86)/atmel/avr tools/avr toolchain/bin/../lib/gcc/avr/4.5.1/../../../../avr/lib/avr51\libc.a(addsf3x.o)
                0x0000d4cc                __addsf3x
 .text.avr-libc.fplib
                0x0000d572       0x26 c:/program files (x86)/atmel/avr tools/avr toolchain/bin/../lib/gcc/avr/4.5.1/../../../../avr/lib/avr51\libc.a(ceil.o)
                0x0000d572                ceil
 .text.avr-libc.fplib
                0x0000d598        0x8 c:/program files (x86)/atmel/avr tools/avr toolchain/bin/../lib/gcc/avr/4.5.1/../../../../avr/lib/avr51\libc.a(cmpsf2.o)
                0x0000d598                __nesf2
                0x0000d598                __eqsf2
                0x0000d598                __cmpsf2
                0x0000d598                __ltsf2
                0x0000d598                __lesf2
 .text.avr-libc.fplib
                0x0000d5a0        0x6 c:/program files (x86)/atmel/avr tools/avr toolchain/bin/../lib/gcc/avr/4.5.1/../../../../avr/lib/avr51\libc.a(cos.o)
                0x0000d5a0                cos
 .text.avr-libc.fplib
                0x0000d5a6        0x4 c:/program files (x86)/atmel/avr tools/avr toolchain/bin/../lib/gcc/avr/4.5.1/../../../../avr/lib/avr51\libc.a(divsf3.o)
                0x0000d5a6                __divsf3
 .text.avr-libc.fplib
                0x0000d5aa       0xcc c:/program files (x86)/atmel/avr tools/avr toolchain/bin/../lib/gcc/avr/4.5.1/../../../../avr/lib/avr51\libc.a(divsf3x.o)
                0x0000d5c0                __divsf3x
                0x0000d5c4                __divsf3_pse
 .text.avr-libc.fplib
                0x0000d676        0xa c:/program files (x86)/atmel/avr tools/avr toolchain/bin/../lib/gcc/avr/4.5.1/../../../../avr/lib/avr51\libc.a(fixsfsi.o)
                0x0000d676                __fixsfsi
 .text.avr-libc.fplib
                0x0000d680       0x58 c:/program files (x86)/atmel/avr tools/avr toolchain/bin/../lib/gcc/avr/4.5.1/../../../../avr/lib/avr51\libc.a(fixunssfsi.o)
                0x0000d680                __fixunssfsi
 .text.avr-libc.fplib
                0x0000d6d8       0x7a c:/program files (x86)/atmel/avr tools/avr toolchain/bin/../lib/gcc/avr/4.5.1/../../../../avr/lib/avr51\libc.a(floatsisf.o)
                0x0000d6d8                __floatunsisf
                0x0000d6dc                __floatsisf
 .text.avr-libc.fplib
                0x0000d752       0x48 c:/program files (x86)/atmel/avr tools/avr toolchain/bin/../lib/gcc/avr/4.5.1/../../../../avr/lib/avr51\libc.a(fp_cmp.o)
                0x0000d752                __fp_cmp
 .text.avr-libc.fplib
                0x0000d79a        0xc c:/program files (x86)/atmel/avr tools/avr toolchain/bin/../lib/gcc/avr/4.5.1/../../../../avr/lib/avr51\libc.a(fp_inf.o)
                0x0000d79a                __fp_inf
 .text.avr-libc.fplib
                0x0000d7a6       0x36 c:/program files (x86)/atmel/avr tools/avr toolchain/bin/../lib/gcc/avr/4.5.1/../../../../avr/lib/avr51\libc.a(fp_mintl.o)
                0x0000d7a6                __fp_mintl
 .text.avr-libc.fplib
                0x0000d7dc       0x1c c:/program files (x86)/atmel/avr tools/avr toolchain/bin/../lib/gcc/avr/4.5.1/../../../../avr/lib/avr51\libc.a(fp_mpack.o)
                0x0000d7dc                __fp_mpack
                0x0000d7e0                __fp_mpack_finite
 .text.avr-libc.fplib
                0x0000d7f8        0x6 c:/program files (x86)/atmel/avr tools/avr toolchain/bin/../lib/gcc/avr/4.5.1/../../../../avr/lib/avr51\libc.a(fp_nan.o)
                0x0000d7f8                __fp_nan
 .text.avr-libc.fplib
                0x0000d7fe        0xe c:/program files (x86)/atmel/avr tools/avr toolchain/bin/../lib/gcc/avr/4.5.1/../../../../avr/lib/avr51\libc.a(fp_pscA.o)
                0x0000d7fe                __fp_pscA
 .text.avr-libc.fplib
                0x0000d80c        0xe c:/program files (x86)/atmel/avr tools/avr toolchain/bin/../lib/gcc/avr/4.5.1/../../../../avr/lib/avr51\libc.a(fp_pscB.o)
                0x0000d80c                __fp_pscB
 .text.avr-libc.fplib
                0x0000d81a       0x50 c:/program files (x86)/atmel/avr tools/avr toolchain/bin/../lib/gcc/avr/4.5.1/../../../../avr/lib/avr51\libc.a(fp_rempio2.o)
                0x0000d81c                __fp_rempio2
 .text.avr-libc.fplib
                0x0000d86a       0x22 c:/program files (x86)/atmel/avr tools/avr toolchain/bin/../lib/gcc/avr/4.5.1/../../../../avr/lib/avr51\libc.a(fp_round.o)
                0x0000d86a                __fp_round
 .text.avr-libc.fplib
                0x0000d88c       0x22 c:/program files (x86)/atmel/avr tools/avr toolchain/bin/../lib/gcc/avr/4.5.1/../../../../avr/lib/avr51\libc.a(fp_sinus.o)
                0x0000d88c                __fp_sinus
 .text.avr-libc.fplib
                0x0000d8ae       0x44 c:/program files (x86)/atmel/avr tools/avr toolchain/bin/../lib/gcc/avr/4.5.1/../../../../avr/lib/avr51\libc.a(fp_split3.o)
                0x0000d8ae                __fp_split3
                0x0000d8be                __fp_splitA
 .text.avr-libc.fplib
                0x0000d8f2       0x2e c:/program files (x86)/atmel/avr tools/avr toolchain/bin/../lib/gcc/avr/4.5.1/../../../../avr/lib/avr51\libc.a(fp_trunc.o)
                0x0000d8f2                __fp_trunc
 .text.avr-libc.fplib
                0x0000d920        0xe c:/program files (x86)/atmel/avr tools/avr toolchain/bin/../lib/gcc/avr/4.5.1/../../../../avr/lib/avr51\libc.a(fp_zero.o)
                0x0000d920                __fp_zero
                0x0000d922                __fp_szero
 .text.avr-libc.fplib
                0x0000d92e        0x8 c:/program files (x86)/atmel/avr tools/avr toolchain/bin/../lib/gcc/avr/4.5.1/../../../../avr/lib/avr51\libc.a(gesf2.o)
                0x0000d92e                __gesf2
                0x0000d92e                __gtsf2
 .text.avr-libc.fplib
                0x0000d936       0xc2 c:/program files (x86)/atmel/avr tools/avr toolchain/bin/../lib/gcc/avr/4.5.1/../../../../avr/lib/avr51\libc.a(hypot.o)
                0x0000d948                hypot
 .text.avr-libc.fplib
                0x0000d9f8       0x6c c:/program files (x86)/atmel/avr tools/avr toolchain/bin/../lib/gcc/avr/4.5.1/../../../../avr/lib/avr51\libc.a(ldexp.o)
                0x0000d9fc                ldexp
 .text.avr-libc.fplib
                0x0000da64        0x4 c:/program files (x86)/atmel/avr tools/avr toolchain/bin/../lib/gcc/avr/4.5.1/../../../../avr/lib/avr51\libc.a(mulsf3.o)
                0x0000da64                __mulsf3
 .text.avr-libc.fplib
                0x0000da68       0xc2 c:/program files (x86)/atmel/avr tools/avr toolchain/bin/../lib/gcc/avr/4.5.1/../../../../avr/lib/avr51\libc.a(mulsf3x.o)
                0x0000da7c                __mulsf3x
                0x0000da80                __mulsf3_pse
 .text.avr-libc.fplib
                0x0000db2a       0x84 c:/program files (x86)/atmel/avr tools/avr toolchain/bin/../lib/gcc/avr/4.5.1/../../../../avr/lib/avr51\libc.a(sqrt.o)
                0x0000db32                sqrt
 .text.avr-libc
                0x0000dbae      0x420 c:/program files (x86)/atmel/avr tools/avr toolchain/bin/../lib/gcc/avr/4.5.1/../../../../avr/lib/avr51\libc.a(vfprintf_std.o)
                0x0000dbae                vfprintf
 .text.avr-libc
                0x0000dfce       0x16 c:/program files (x86)/atmel/avr tools/avr toolchain/bin/../lib/gcc/avr/4.5.1/../../../../avr/lib/avr51\libc.a(strnlen_P.o)
                0x0000dfce                strnlen_P
 .text.avr-libc
                0x0000dfe4       0x16 c:/program files (x86)/atmel/avr tools/avr toolchain/bin/../lib/gcc/avr/4.5.1/../../../../avr/lib/avr51\libc.a(strnlen.o)
                0x0000dfe4                strnlen
 .text.avr-libc
                0x0000dffa       0x58 c:/program files (x86)/atmel/avr tools/avr toolchain/bin/../lib/gcc/avr/4.5.1/../../../../avr/lib/avr51\libc.a(fputc.o)
                0x0000dffa                fputc
 .text.avr-libc
                0x0000e052       0xbc c:/program files (x86)/atmel/avr tools/avr toolchain/bin/../lib/gcc/avr/4.5.1/../../../../avr/lib/avr51\libc.a(ultoa_invert.o)
                0x0000e052                __ultoa_invert
 .text.avr-libc.fplib
                0x0000e10e        0xe c:/program files (x86)/atmel/avr tools/avr toolchain/bin/../lib/gcc/avr/4.5.1/../../../../avr/lib/avr51\libc.a(fp_norm2.o)
                0x0000e10e                __fp_norm2
 .text.avr-libc.fplib
                0x0000e11c       0x22 c:/program files (x86)/atmel/avr tools/avr toolchain/bin/../lib/gcc/avr/4.5.1/../../../../avr/lib/avr51\libc.a(fp_powsodd.o)
                0x0000e11c                __fp_powsodd
 .text.avr-libc.fplib
                0x0000e13e       0x4a c:/program files (x86)/atmel/avr tools/avr toolchain/bin/../lib/gcc/avr/4.5.1/../../../../avr/lib/avr51\libc.a(fp_powser.o)
                0x0000e13e                __fp_powser
 .text.libgcc   0x0000e188       0x18 c:/program files (x86)/atmel/avr tools/avr toolchain/bin/../lib/gcc/avr/4.5.1/avr51\libgcc.a(_udivmodqi4.o)
                0x0000e188                __udivmodqi4
 .text.libgcc   0x0000e1a0       0x26 c:/program files (x86)/atmel/avr tools/avr toolchain/bin/../lib/gcc/avr/4.5.1/avr51\libgcc.a(_divmodhi4.o)
                0x0000e1a0                _div
                0x0000e1a0                __divmodhi4
 .text.libgcc   0x0000e1c6        0x0 c:/program files (x86)/atmel/avr tools/avr toolchain/bin/../lib/gcc/avr/4.5.1/avr51\libgcc.a(_exit.o)
 .text.libgcc   0x0000e1c6        0x0 c:/program files (x86)/atmel/avr tools/avr toolchain/bin/../lib/gcc/avr/4.5.1/avr51\libgcc.a(_copy_data.o)
 .text.libgcc   0x0000e1c6        0x0 c:/program files (x86)/atmel/avr tools/avr toolchain/bin/../lib/gcc/avr/4.5.1/avr51\libgcc.a(_clear_bss.o)
 .text.libgcc   0x0000e1c6       0x28 c:/program files (x86)/atmel/avr tools/avr toolchain/bin/../lib/gcc/avr/4.5.1/avr51\libgcc.a(_udivmodhi4.o)
                0x0000e1c6                __udivmodhi4
                0x0000e1ee                . = ALIGN (0x2)
 *(.fini9)
 .fini9         0x0000e1ee        0x0 c:/program files (x86)/atmel/avr tools/avr toolchain/bin/../lib/gcc/avr/4.5.1/avr51\libgcc.a(_exit.o)
                0x0000e1ee                _exit
 *(.fini9)
 *(.fini8)
 *(.fini8)
 *(.fini7)
 *(.fini7)
 *(.fini6)
 *(.fini6)
 *(.fini5)
 *(.fini5)
 *(.fini4)
 *(.fini4)
 *(.fini3)
 *(.fini3)
 *(.fini2)
 *(.fini2)
 *(.fini1)
 *(.fini1)
 *(.fini0)
 .fini0         0x0000e1ee        0x4 c:/program files (x86)/atmel/avr tools/avr toolchain/bin/../lib/gcc/avr/4.5.1/avr51\libgcc.a(_exit.o)
 *(.fini0)
                0x0000e1f2                _etext = .

.data           0x00800100      0x15a load address 0x0000e1f2
                0x00800100                PROVIDE (__data_start, .)
 *(.data)
 .data          0x00800100        0x0 c:/program files (x86)/atmel/avr tools/avr toolchain/bin/../lib/gcc/avr/4.5.1/../../../../avr/lib/avr51/crtm128.o
 .data          0x00800100        0x0 Interface.o
 .data          0x00800100       0xb9 MobileRobot.o
 .data          0x008001b9       0x50 Motor.o
 .data          0x00800209       0x50 Move.o
 .data          0x00800259        0x0 Sensor.o
 .data          0x00800259        0x0 c:/program files (x86)/atmel/avr tools/avr toolchain/bin/../lib/gcc/avr/4.5.1/../../../../avr/lib/avr51\libc.a(exit.o)
 .data          0x00800259        0x0 c:/program files (x86)/atmel/avr tools/avr toolchain/bin/../lib/gcc/avr/4.5.1/../../../../avr/lib/avr51\libc.a(sprintf.o)
 .data          0x00800259        0x0 c:/program files (x86)/atmel/avr tools/avr toolchain/bin/../lib/gcc/avr/4.5.1/../../../../avr/lib/avr51\libc.a(addsf3.o)
 .data          0x00800259        0x0 c:/program files (x86)/atmel/avr tools/avr toolchain/bin/../lib/gcc/avr/4.5.1/../../../../avr/lib/avr51\libc.a(addsf3x.o)
 .data          0x00800259        0x0 c:/program files (x86)/atmel/avr tools/avr toolchain/bin/../lib/gcc/avr/4.5.1/../../../../avr/lib/avr51\libc.a(ceil.o)
 .data          0x00800259        0x0 c:/program files (x86)/atmel/avr tools/avr toolchain/bin/../lib/gcc/avr/4.5.1/../../../../avr/lib/avr51\libc.a(cmpsf2.o)
 .data          0x00800259        0x0 c:/program files (x86)/atmel/avr tools/avr toolchain/bin/../lib/gcc/avr/4.5.1/../../../../avr/lib/avr51\libc.a(cos.o)
 .data          0x00800259        0x0 c:/program files (x86)/atmel/avr tools/avr toolchain/bin/../lib/gcc/avr/4.5.1/../../../../avr/lib/avr51\libc.a(divsf3.o)
 .data          0x00800259        0x0 c:/program files (x86)/atmel/avr tools/avr toolchain/bin/../lib/gcc/avr/4.5.1/../../../../avr/lib/avr51\libc.a(divsf3x.o)
 .data          0x00800259        0x0 c:/program files (x86)/atmel/avr tools/avr toolchain/bin/../lib/gcc/avr/4.5.1/../../../../avr/lib/avr51\libc.a(fixsfsi.o)
 .data          0x00800259        0x0 c:/program files (x86)/atmel/avr tools/avr toolchain/bin/../lib/gcc/avr/4.5.1/../../../../avr/lib/avr51\libc.a(fixunssfsi.o)
 .data          0x00800259        0x0 c:/program files (x86)/atmel/avr tools/avr toolchain/bin/../lib/gcc/avr/4.5.1/../../../../avr/lib/avr51\libc.a(floatsisf.o)
 .data          0x00800259        0x0 c:/program files (x86)/atmel/avr tools/avr toolchain/bin/../lib/gcc/avr/4.5.1/../../../../avr/lib/avr51\libc.a(fp_cmp.o)
 .data          0x00800259        0x0 c:/program files (x86)/atmel/avr tools/avr toolchain/bin/../lib/gcc/avr/4.5.1/../../../../avr/lib/avr51\libc.a(fp_inf.o)
 .data          0x00800259        0x0 c:/program files (x86)/atmel/avr tools/avr toolchain/bin/../lib/gcc/avr/4.5.1/../../../../avr/lib/avr51\libc.a(fp_mintl.o)
 .data          0x00800259        0x0 c:/program files (x86)/atmel/avr tools/avr toolchain/bin/../lib/gcc/avr/4.5.1/../../../../avr/lib/avr51\libc.a(fp_mpack.o)
 .data          0x00800259        0x0 c:/program files (x86)/atmel/avr tools/avr toolchain/bin/../lib/gcc/avr/4.5.1/../../../../avr/lib/avr51\libc.a(fp_nan.o)
 .data          0x00800259        0x0 c:/program files (x86)/atmel/avr tools/avr toolchain/bin/../lib/gcc/avr/4.5.1/../../../../avr/lib/avr51\libc.a(fp_pscA.o)
 .data          0x00800259        0x0 c:/program files (x86)/atmel/avr tools/avr toolchain/bin/../lib/gcc/avr/4.5.1/../../../../avr/lib/avr51\libc.a(fp_pscB.o)
 .data          0x00800259        0x0 c:/program files (x86)/atmel/avr tools/avr toolchain/bin/../lib/gcc/avr/4.5.1/../../../../avr/lib/avr51\libc.a(fp_rempio2.o)
 .data          0x00800259        0x0 c:/program files (x86)/atmel/avr tools/avr toolchain/bin/../lib/gcc/avr/4.5.1/../../../../avr/lib/avr51\libc.a(fp_round.o)
 .data          0x00800259        0x0 c:/program files (x86)/atmel/avr tools/avr toolchain/bin/../lib/gcc/avr/4.5.1/../../../../avr/lib/avr51\libc.a(fp_sinus.o)
 .data          0x00800259        0x0 c:/program files (x86)/atmel/avr tools/avr toolchain/bin/../lib/gcc/avr/4.5.1/../../../../avr/lib/avr51\libc.a(fp_split3.o)
 .data          0x00800259        0x0 c:/program files (x86)/atmel/avr tools/avr toolchain/bin/../lib/gcc/avr/4.5.1/../../../../avr/lib/avr51\libc.a(fp_trunc.o)
 .data          0x00800259        0x0 c:/program files (x86)/atmel/avr tools/avr toolchain/bin/../lib/gcc/avr/4.5.1/../../../../avr/lib/avr51\libc.a(fp_zero.o)
 .data          0x00800259        0x0 c:/program files (x86)/atmel/avr tools/avr toolchain/bin/../lib/gcc/avr/4.5.1/../../../../avr/lib/avr51\libc.a(gesf2.o)
 .data          0x00800259        0x0 c:/program files (x86)/atmel/avr tools/avr toolchain/bin/../lib/gcc/avr/4.5.1/../../../../avr/lib/avr51\libc.a(hypot.o)
 .data          0x00800259        0x0 c:/program files (x86)/atmel/avr tools/avr toolchain/bin/../lib/gcc/avr/4.5.1/../../../../avr/lib/avr51\libc.a(ldexp.o)
 .data          0x00800259        0x0 c:/program files (x86)/atmel/avr tools/avr toolchain/bin/../lib/gcc/avr/4.5.1/../../../../avr/lib/avr51\libc.a(mulsf3.o)
 .data          0x00800259        0x0 c:/program files (x86)/atmel/avr tools/avr toolchain/bin/../lib/gcc/avr/4.5.1/../../../../avr/lib/avr51\libc.a(mulsf3x.o)
 .data          0x00800259        0x0 c:/program files (x86)/atmel/avr tools/avr toolchain/bin/../lib/gcc/avr/4.5.1/../../../../avr/lib/avr51\libc.a(sqrt.o)
 .data          0x00800259        0x0 c:/program files (x86)/atmel/avr tools/avr toolchain/bin/../lib/gcc/avr/4.5.1/../../../../avr/lib/avr51\libc.a(vfprintf_std.o)
 .data          0x00800259        0x0 c:/program files (x86)/atmel/avr tools/avr toolchain/bin/../lib/gcc/avr/4.5.1/../../../../avr/lib/avr51\libc.a(strnlen_P.o)
 .data          0x00800259        0x0 c:/program files (x86)/atmel/avr tools/avr toolchain/bin/../lib/gcc/avr/4.5.1/../../../../avr/lib/avr51\libc.a(strnlen.o)
 .data          0x00800259        0x0 c:/program files (x86)/atmel/avr tools/avr toolchain/bin/../lib/gcc/avr/4.5.1/../../../../avr/lib/avr51\libc.a(fputc.o)
 .data          0x00800259        0x0 c:/program files (x86)/atmel/avr tools/avr toolchain/bin/../lib/gcc/avr/4.5.1/../../../../avr/lib/avr51\libc.a(ultoa_invert.o)
 .data          0x00800259        0x0 c:/program files (x86)/atmel/avr tools/avr toolchain/bin/../lib/gcc/avr/4.5.1/../../../../avr/lib/avr51\libc.a(fp_norm2.o)
 .data          0x00800259        0x0 c:/program files (x86)/atmel/avr tools/avr toolchain/bin/../lib/gcc/avr/4.5.1/../../../../avr/lib/avr51\libc.a(fp_powsodd.o)
 .data          0x00800259        0x0 c:/program files (x86)/atmel/avr tools/avr toolchain/bin/../lib/gcc/avr/4.5.1/../../../../avr/lib/avr51\libc.a(fp_powser.o)
 .data          0x00800259        0x0 c:/program files (x86)/atmel/avr tools/avr toolchain/bin/../lib/gcc/avr/4.5.1/avr51\libgcc.a(_udivmodqi4.o)
 .data          0x00800259        0x0 c:/program files (x86)/atmel/avr tools/avr toolchain/bin/../lib/gcc/avr/4.5.1/avr51\libgcc.a(_divmodhi4.o)
 .data          0x00800259        0x0 c:/program files (x86)/atmel/avr tools/avr toolchain/bin/../lib/gcc/avr/4.5.1/avr51\libgcc.a(_exit.o)
 .data          0x00800259        0x0 c:/program files (x86)/atmel/avr tools/avr toolchain/bin/../lib/gcc/avr/4.5.1/avr51\libgcc.a(_copy_data.o)
 .data          0x00800259        0x0 c:/program files (x86)/atmel/avr tools/avr toolchain/bin/../lib/gcc/avr/4.5.1/avr51\libgcc.a(_clear_bss.o)
 .data          0x00800259        0x0 c:/program files (x86)/atmel/avr tools/avr toolchain/bin/../lib/gcc/avr/4.5.1/avr51\libgcc.a(_udivmodhi4.o)
 *(.data*)
 *(.rodata)
 *(.rodata*)
 *(.gnu.linkonce.d*)
                0x0080025a                . = ALIGN (0x2)
 *fill*         0x00800259        0x1 00
                0x0080025a                _edata = .
                0x0080025a                PROVIDE (__data_end, .)

.bss            0x0080025a      0x1bd
                0x0080025a                PROVIDE (__bss_start, .)
 *(.bss)
 .bss           0x0080025a        0x0 c:/program files (x86)/atmel/avr tools/avr toolchain/bin/../lib/gcc/avr/4.5.1/../../../../avr/lib/avr51/crtm128.o
 .bss           0x0080025a        0x2 Interface.o
                0x0080025a                rx1_flg
                0x0080025b                rx1_buff
 .bss           0x0080025c       0x68 MobileRobot.o
                0x0080025c                key
                0x0080025e                key_puck
                0x00800260                aGate
                0x00800262                bGate
                0x00800266                solve
                0x00800274                col
                0x0080027a                block
                0x008002c2                blockDetect
 .bss           0x008002c4        0x0 Motor.o
 .bss           0x008002c4        0x2 Move.o
                0x008002c4                gtc
 .bss           0x008002c6        0xe Sensor.o
 .bss           0x008002d4        0x0 c:/program files (x86)/atmel/avr tools/avr toolchain/bin/../lib/gcc/avr/4.5.1/../../../../avr/lib/avr51\libc.a(exit.o)
 .bss           0x008002d4        0x0 c:/program files (x86)/atmel/avr tools/avr toolchain/bin/../lib/gcc/avr/4.5.1/../../../../avr/lib/avr51\libc.a(sprintf.o)
 .bss           0x008002d4        0x0 c:/program files (x86)/atmel/avr tools/avr toolchain/bin/../lib/gcc/avr/4.5.1/../../../../avr/lib/avr51\libc.a(addsf3.o)
 .bss           0x008002d4        0x0 c:/program files (x86)/atmel/avr tools/avr toolchain/bin/../lib/gcc/avr/4.5.1/../../../../avr/lib/avr51\libc.a(addsf3x.o)
 .bss           0x008002d4        0x0 c:/program files (x86)/atmel/avr tools/avr toolchain/bin/../lib/gcc/avr/4.5.1/../../../../avr/lib/avr51\libc.a(ceil.o)
 .bss           0x008002d4        0x0 c:/program files (x86)/atmel/avr tools/avr toolchain/bin/../lib/gcc/avr/4.5.1/../../../../avr/lib/avr51\libc.a(cmpsf2.o)
 .bss           0x008002d4        0x0 c:/program files (x86)/atmel/avr tools/avr toolchain/bin/../lib/gcc/avr/4.5.1/../../../../avr/lib/avr51\libc.a(cos.o)
 .bss           0x008002d4        0x0 c:/program files (x86)/atmel/avr tools/avr toolchain/bin/../lib/gcc/avr/4.5.1/../../../../avr/lib/avr51\libc.a(divsf3.o)
 .bss           0x008002d4        0x0 c:/program files (x86)/atmel/avr tools/avr toolchain/bin/../lib/gcc/avr/4.5.1/../../../../avr/lib/avr51\libc.a(divsf3x.o)
 .bss           0x008002d4        0x0 c:/program files (x86)/atmel/avr tools/avr toolchain/bin/../lib/gcc/avr/4.5.1/../../../../avr/lib/avr51\libc.a(fixsfsi.o)
 .bss           0x008002d4        0x0 c:/program files (x86)/atmel/avr tools/avr toolchain/bin/../lib/gcc/avr/4.5.1/../../../../avr/lib/avr51\libc.a(fixunssfsi.o)
 .bss           0x008002d4        0x0 c:/program files (x86)/atmel/avr tools/avr toolchain/bin/../lib/gcc/avr/4.5.1/../../../../avr/lib/avr51\libc.a(floatsisf.o)
 .bss           0x008002d4        0x0 c:/program files (x86)/atmel/avr tools/avr toolchain/bin/../lib/gcc/avr/4.5.1/../../../../avr/lib/avr51\libc.a(fp_cmp.o)
 .bss           0x008002d4        0x0 c:/program files (x86)/atmel/avr tools/avr toolchain/bin/../lib/gcc/avr/4.5.1/../../../../avr/lib/avr51\libc.a(fp_inf.o)
 .bss           0x008002d4        0x0 c:/program files (x86)/atmel/avr tools/avr toolchain/bin/../lib/gcc/avr/4.5.1/../../../../avr/lib/avr51\libc.a(fp_mintl.o)
 .bss           0x008002d4        0x0 c:/program files (x86)/atmel/avr tools/avr toolchain/bin/../lib/gcc/avr/4.5.1/../../../../avr/lib/avr51\libc.a(fp_mpack.o)
 .bss           0x008002d4        0x0 c:/program files (x86)/atmel/avr tools/avr toolchain/bin/../lib/gcc/avr/4.5.1/../../../../avr/lib/avr51\libc.a(fp_nan.o)
 .bss           0x008002d4        0x0 c:/program files (x86)/atmel/avr tools/avr toolchain/bin/../lib/gcc/avr/4.5.1/../../../../avr/lib/avr51\libc.a(fp_pscA.o)
 .bss           0x008002d4        0x0 c:/program files (x86)/atmel/avr tools/avr toolchain/bin/../lib/gcc/avr/4.5.1/../../../../avr/lib/avr51\libc.a(fp_pscB.o)
 .bss           0x008002d4        0x0 c:/program files (x86)/atmel/avr tools/avr toolchain/bin/../lib/gcc/avr/4.5.1/../../../../avr/lib/avr51\libc.a(fp_rempio2.o)
 .bss           0x008002d4        0x0 c:/program files (x86)/atmel/avr tools/avr toolchain/bin/../lib/gcc/avr/4.5.1/../../../../avr/lib/avr51\libc.a(fp_round.o)
 .bss           0x008002d4        0x0 c:/program files (x86)/atmel/avr tools/avr toolchain/bin/../lib/gcc/avr/4.5.1/../../../../avr/lib/avr51\libc.a(fp_sinus.o)
 .bss           0x008002d4        0x0 c:/program files (x86)/atmel/avr tools/avr toolchain/bin/../lib/gcc/avr/4.5.1/../../../../avr/lib/avr51\libc.a(fp_split3.o)
 .bss           0x008002d4        0x0 c:/program files (x86)/atmel/avr tools/avr toolchain/bin/../lib/gcc/avr/4.5.1/../../../../avr/lib/avr51\libc.a(fp_trunc.o)
 .bss           0x008002d4        0x0 c:/program files (x86)/atmel/avr tools/avr toolchain/bin/../lib/gcc/avr/4.5.1/../../../../avr/lib/avr51\libc.a(fp_zero.o)
 .bss           0x008002d4        0x0 c:/program files (x86)/atmel/avr tools/avr toolchain/bin/../lib/gcc/avr/4.5.1/../../../../avr/lib/avr51\libc.a(gesf2.o)
 .bss           0x008002d4        0x0 c:/program files (x86)/atmel/avr tools/avr toolchain/bin/../lib/gcc/avr/4.5.1/../../../../avr/lib/avr51\libc.a(hypot.o)
 .bss           0x008002d4        0x0 c:/program files (x86)/atmel/avr tools/avr toolchain/bin/../lib/gcc/avr/4.5.1/../../../../avr/lib/avr51\libc.a(ldexp.o)
 .bss           0x008002d4        0x0 c:/program files (x86)/atmel/avr tools/avr toolchain/bin/../lib/gcc/avr/4.5.1/../../../../avr/lib/avr51\libc.a(mulsf3.o)
 .bss           0x008002d4        0x0 c:/program files (x86)/atmel/avr tools/avr toolchain/bin/../lib/gcc/avr/4.5.1/../../../../avr/lib/avr51\libc.a(mulsf3x.o)
 .bss           0x008002d4        0x0 c:/program files (x86)/atmel/avr tools/avr toolchain/bin/../lib/gcc/avr/4.5.1/../../../../avr/lib/avr51\libc.a(sqrt.o)
 .bss           0x008002d4        0x0 c:/program files (x86)/atmel/avr tools/avr toolchain/bin/../lib/gcc/avr/4.5.1/../../../../avr/lib/avr51\libc.a(vfprintf_std.o)
 .bss           0x008002d4        0x0 c:/program files (x86)/atmel/avr tools/avr toolchain/bin/../lib/gcc/avr/4.5.1/../../../../avr/lib/avr51\libc.a(strnlen_P.o)
 .bss           0x008002d4        0x0 c:/program files (x86)/atmel/avr tools/avr toolchain/bin/../lib/gcc/avr/4.5.1/../../../../avr/lib/avr51\libc.a(strnlen.o)
 .bss           0x008002d4        0x0 c:/program files (x86)/atmel/avr tools/avr toolchain/bin/../lib/gcc/avr/4.5.1/../../../../avr/lib/avr51\libc.a(fputc.o)
 .bss           0x008002d4        0x0 c:/program files (x86)/atmel/avr tools/avr toolchain/bin/../lib/gcc/avr/4.5.1/../../../../avr/lib/avr51\libc.a(ultoa_invert.o)
 .bss           0x008002d4        0x0 c:/program files (x86)/atmel/avr tools/avr toolchain/bin/../lib/gcc/avr/4.5.1/../../../../avr/lib/avr51\libc.a(fp_norm2.o)
 .bss           0x008002d4        0x0 c:/program files (x86)/atmel/avr tools/avr toolchain/bin/../lib/gcc/avr/4.5.1/../../../../avr/lib/avr51\libc.a(fp_powsodd.o)
 .bss           0x008002d4        0x0 c:/program files (x86)/atmel/avr tools/avr toolchain/bin/../lib/gcc/avr/4.5.1/../../../../avr/lib/avr51\libc.a(fp_powser.o)
 .bss           0x008002d4        0x0 c:/program files (x86)/atmel/avr tools/avr toolchain/bin/../lib/gcc/avr/4.5.1/avr51\libgcc.a(_udivmodqi4.o)
 .bss           0x008002d4        0x0 c:/program files (x86)/atmel/avr tools/avr toolchain/bin/../lib/gcc/avr/4.5.1/avr51\libgcc.a(_divmodhi4.o)
 .bss           0x008002d4        0x0 c:/program files (x86)/atmel/avr tools/avr toolchain/bin/../lib/gcc/avr/4.5.1/avr51\libgcc.a(_exit.o)
 .bss           0x008002d4        0x0 c:/program files (x86)/atmel/avr tools/avr toolchain/bin/../lib/gcc/avr/4.5.1/avr51\libgcc.a(_copy_data.o)
 .bss           0x008002d4        0x0 c:/program files (x86)/atmel/avr tools/avr toolchain/bin/../lib/gcc/avr/4.5.1/avr51\libgcc.a(_clear_bss.o)
 .bss           0x008002d4        0x0 c:/program files (x86)/atmel/avr tools/avr toolchain/bin/../lib/gcc/avr/4.5.1/avr51\libgcc.a(_udivmodhi4.o)
 *(.bss*)
 *(COMMON)
 COMMON         0x008002d4       0x44 Interface.o
                0x008002d4                ba1
                0x008002d6                acf
                0x008002da                zacf
                0x008002de                bar_1
                0x008002e0                g_psd
                0x008002ea                sba2
                0x008002ec                oc
                0x008002ee                ba5
                0x008002f0                cacf
                0x008002f4                psd
                0x008002fe                psdTimer
                0x00800300                sbar_1
                0x00800302                ba4
                0x00800304                bar_3
                0x00800306                ba3
                0x00800308                sba1
                0x0080030a                ba2
                0x0080030c                bar_4
                0x0080030e                bar_5
                0x00800310                pc
                0x00800312                wa
                0x00800314                bar_2
                0x00800316                sbar_2
 COMMON         0x00800318       0x12 MobileRobot.o
                0x00800318                cGate
                0x0080031a                sColor
                0x0080031e                line
                0x00800320                scanS
                0x00800322                goalColor
                0x00800324                dir
                0x00800326                start
                0x00800328                area
 COMMON         0x0080032a       0x19 Motor.o
                0x0080032a                pos
                0x00800336                front
                0x0080033a                gyro
                0x0080033e                rearGyro
                0x00800342                status
 COMMON         0x00800343       0xd4 Move.o
                0x00800343                sgx
                0x00800347                IND_2
                0x00800349                IR_2
                0x0080034b                IR_4
                0x0080034d                IR_1
                0x0080034f                sga
                0x00800353                IND_1
                0x00800355                pro
                0x008003af                co
                0x008003d7                IR_5
                0x008003d9                sgy
                0x008003dd                buf
                0x008003f1                code
                0x008003f3                msp
                0x00800403                IR_3
                0x00800405                gsp
                0x00800415                tot
                0x00800417                PROVIDE (__bss_end, .)
                0x0000e1f2                __data_load_start = LOADADDR (.data)
                0x0000e34c                __data_load_end = (__data_load_start + SIZEOF (.data))

.noinit         0x00800417        0x0
                0x00800417                PROVIDE (__noinit_start, .)
 *(.noinit*)
                0x00800417                PROVIDE (__noinit_end, .)
                0x00800417                _end = .
                0x00800417                PROVIDE (__heap_start, .)

.eeprom         0x00810000        0x0
 *(.eeprom*)
                0x00810000                __eeprom_end = .

.fuse
 *(.fuse)
 *(.lfuse)
 *(.hfuse)
 *(.efuse)

.lock
 *(.lock*)

.signature
 *(.signature*)

.stab           0x00000000     0x4098
 *(.stab)
 .stab          0x00000000      0x6cc c:/program files (x86)/atmel/avr tools/avr toolchain/bin/../lib/gcc/avr/4.5.1/../../../../avr/lib/avr51/crtm128.o
 .stab          0x000006cc       0x30 c:/program files (x86)/atmel/avr tools/avr toolchain/bin/../lib/gcc/avr/4.5.1/../../../../avr/lib/avr51\libc.a(exit.o)
                                 0x3c (size before relaxing)
 .stab          0x000006fc       0x78 c:/program files (x86)/atmel/avr tools/avr toolchain/bin/../lib/gcc/avr/4.5.1/../../../../avr/lib/avr51\libc.a(addsf3.o)
                                 0x84 (size before relaxing)
 .stab          0x00000774      0x4bc c:/program files (x86)/atmel/avr tools/avr toolchain/bin/../lib/gcc/avr/4.5.1/../../../../avr/lib/avr51\libc.a(addsf3x.o)
                                0x4c8 (size before relaxing)
 .stab          0x00000c30      0x114 c:/program files (x86)/atmel/avr tools/avr toolchain/bin/../lib/gcc/avr/4.5.1/../../../../avr/lib/avr51\libc.a(ceil.o)
                                0x120 (size before relaxing)
 .stab          0x00000d44       0x90 c:/program files (x86)/atmel/avr tools/avr toolchain/bin/../lib/gcc/avr/4.5.1/../../../../avr/lib/avr51\libc.a(cmpsf2.o)
                                 0x9c (size before relaxing)
 .stab          0x00000dd4       0x54 c:/program files (x86)/atmel/avr tools/avr toolchain/bin/../lib/gcc/avr/4.5.1/../../../../avr/lib/avr51\libc.a(cos.o)
                                 0x60 (size before relaxing)
 .stab          0x00000e28       0x48 c:/program files (x86)/atmel/avr tools/avr toolchain/bin/../lib/gcc/avr/4.5.1/../../../../avr/lib/avr51\libc.a(divsf3.o)
                                 0x54 (size before relaxing)
 .stab          0x00000e70      0x510 c:/program files (x86)/atmel/avr tools/avr toolchain/bin/../lib/gcc/avr/4.5.1/../../../../avr/lib/avr51\libc.a(divsf3x.o)
                                0x51c (size before relaxing)
 .stab          0x00001380       0x6c c:/program files (x86)/atmel/avr tools/avr toolchain/bin/../lib/gcc/avr/4.5.1/../../../../avr/lib/avr51\libc.a(fixsfsi.o)
                                 0x78 (size before relaxing)
 .stab          0x000013ec      0x240 c:/program files (x86)/atmel/avr tools/avr toolchain/bin/../lib/gcc/avr/4.5.1/../../../../avr/lib/avr51\libc.a(fixunssfsi.o)
                                0x24c (size before relaxing)
 .stab          0x0000162c      0x318 c:/program files (x86)/atmel/avr tools/avr toolchain/bin/../lib/gcc/avr/4.5.1/../../../../avr/lib/avr51\libc.a(floatsisf.o)
                                0x324 (size before relaxing)
 .stab          0x00001944      0x1e0 c:/program files (x86)/atmel/avr tools/avr toolchain/bin/../lib/gcc/avr/4.5.1/../../../../avr/lib/avr51\libc.a(fp_cmp.o)
                                0x1ec (size before relaxing)
 .stab          0x00001b24       0x78 c:/program files (x86)/atmel/avr tools/avr toolchain/bin/../lib/gcc/avr/4.5.1/../../../../avr/lib/avr51\libc.a(fp_inf.o)
                                 0x84 (size before relaxing)
 .stab          0x00001b9c      0x174 c:/program files (x86)/atmel/avr tools/avr toolchain/bin/../lib/gcc/avr/4.5.1/../../../../avr/lib/avr51\libc.a(fp_mintl.o)
                                0x180 (size before relaxing)
 .stab          0x00001d10       0xe4 c:/program files (x86)/atmel/avr tools/avr toolchain/bin/../lib/gcc/avr/4.5.1/../../../../avr/lib/avr51\libc.a(fp_mpack.o)
                                 0xf0 (size before relaxing)
 .stab          0x00001df4       0x54 c:/program files (x86)/atmel/avr tools/avr toolchain/bin/../lib/gcc/avr/4.5.1/../../../../avr/lib/avr51\libc.a(fp_nan.o)
                                 0x60 (size before relaxing)
 .stab          0x00001e48       0x84 c:/program files (x86)/atmel/avr tools/avr toolchain/bin/../lib/gcc/avr/4.5.1/../../../../avr/lib/avr51\libc.a(fp_pscA.o)
                                 0x90 (size before relaxing)
 .stab          0x00001ecc       0x84 c:/program files (x86)/atmel/avr tools/avr toolchain/bin/../lib/gcc/avr/4.5.1/../../../../avr/lib/avr51\libc.a(fp_pscB.o)
                                 0x90 (size before relaxing)
 .stab          0x00001f50      0x21c c:/program files (x86)/atmel/avr tools/avr toolchain/bin/../lib/gcc/avr/4.5.1/../../../../avr/lib/avr51\libc.a(fp_rempio2.o)
                                0x228 (size before relaxing)
 .stab          0x0000216c       0xfc c:/program files (x86)/atmel/avr tools/avr toolchain/bin/../lib/gcc/avr/4.5.1/../../../../avr/lib/avr51\libc.a(fp_round.o)
                                0x108 (size before relaxing)
 .stab          0x00002268       0xfc c:/program files (x86)/atmel/avr tools/avr toolchain/bin/../lib/gcc/avr/4.5.1/../../../../avr/lib/avr51\libc.a(fp_sinus.o)
                                0x108 (size before relaxing)
 .stab          0x00002364      0x1d4 c:/program files (x86)/atmel/avr tools/avr toolchain/bin/../lib/gcc/avr/4.5.1/../../../../avr/lib/avr51\libc.a(fp_split3.o)
                                0x1e0 (size before relaxing)
 .stab          0x00002538      0x144 c:/program files (x86)/atmel/avr tools/avr toolchain/bin/../lib/gcc/avr/4.5.1/../../../../avr/lib/avr51\libc.a(fp_trunc.o)
                                0x150 (size before relaxing)
 .stab          0x0000267c       0x90 c:/program files (x86)/atmel/avr tools/avr toolchain/bin/../lib/gcc/avr/4.5.1/../../../../avr/lib/avr51\libc.a(fp_zero.o)
                                 0x9c (size before relaxing)
 .stab          0x0000270c       0x6c c:/program files (x86)/atmel/avr tools/avr toolchain/bin/../lib/gcc/avr/4.5.1/../../../../avr/lib/avr51\libc.a(gesf2.o)
                                 0x78 (size before relaxing)
 .stab          0x00002778      0x4c8 c:/program files (x86)/atmel/avr tools/avr toolchain/bin/../lib/gcc/avr/4.5.1/../../../../avr/lib/avr51\libc.a(hypot.o)
                                0x4d4 (size before relaxing)
 .stab          0x00002c40      0x2c4 c:/program files (x86)/atmel/avr tools/avr toolchain/bin/../lib/gcc/avr/4.5.1/../../../../avr/lib/avr51\libc.a(ldexp.o)
                                0x2d0 (size before relaxing)
 .stab          0x00002f04       0x48 c:/program files (x86)/atmel/avr tools/avr toolchain/bin/../lib/gcc/avr/4.5.1/../../../../avr/lib/avr51\libc.a(mulsf3.o)
                                 0x54 (size before relaxing)
 .stab          0x00002f4c      0x4d4 c:/program files (x86)/atmel/avr tools/avr toolchain/bin/../lib/gcc/avr/4.5.1/../../../../avr/lib/avr51\libc.a(mulsf3x.o)
                                0x4e0 (size before relaxing)
 .stab          0x00003420      0x354 c:/program files (x86)/atmel/avr tools/avr toolchain/bin/../lib/gcc/avr/4.5.1/../../../../avr/lib/avr51\libc.a(sqrt.o)
                                0x360 (size before relaxing)
 .stab          0x00003774       0x9c c:/program files (x86)/atmel/avr tools/avr toolchain/bin/../lib/gcc/avr/4.5.1/../../../../avr/lib/avr51\libc.a(strnlen_P.o)
                                 0xa8 (size before relaxing)
 .stab          0x00003810       0x9c c:/program files (x86)/atmel/avr tools/avr toolchain/bin/../lib/gcc/avr/4.5.1/../../../../avr/lib/avr51\libc.a(strnlen.o)
                                 0xa8 (size before relaxing)
 .stab          0x000038ac      0x480 c:/program files (x86)/atmel/avr tools/avr toolchain/bin/../lib/gcc/avr/4.5.1/../../../../avr/lib/avr51\libc.a(ultoa_invert.o)
                                0x48c (size before relaxing)
 .stab          0x00003d2c       0x84 c:/program files (x86)/atmel/avr tools/avr toolchain/bin/../lib/gcc/avr/4.5.1/../../../../avr/lib/avr51\libc.a(fp_norm2.o)
                                 0x90 (size before relaxing)
 .stab          0x00003db0       0xfc c:/program files (x86)/atmel/avr tools/avr toolchain/bin/../lib/gcc/avr/4.5.1/../../../../avr/lib/avr51\libc.a(fp_powsodd.o)
                                0x108 (size before relaxing)
 .stab          0x00003eac      0x1ec c:/program files (x86)/atmel/avr tools/avr toolchain/bin/../lib/gcc/avr/4.5.1/../../../../avr/lib/avr51\libc.a(fp_powser.o)
                                0x1f8 (size before relaxing)

.stabstr        0x00000000      0xe54
 *(.stabstr)
 .stabstr       0x00000000      0xe54 c:/program files (x86)/atmel/avr tools/avr toolchain/bin/../lib/gcc/avr/4.5.1/../../../../avr/lib/avr51/crtm128.o

.stab.excl
 *(.stab.excl)

.stab.exclstr
 *(.stab.exclstr)

.stab.index
 *(.stab.index)

.stab.indexstr
 *(.stab.indexstr)

.comment
 *(.comment)

.debug
 *(.debug)

.line
 *(.line)

.debug_srcinfo
 *(.debug_srcinfo)

.debug_sfnames
 *(.debug_sfnames)

.debug_aranges  0x00000000      0x100
 *(.debug_aranges)
 .debug_aranges
                0x00000000       0x20 Interface.o
 .debug_aranges
                0x00000020       0x20 MobileRobot.o
 .debug_aranges
                0x00000040       0x20 Motor.o
 .debug_aranges
                0x00000060       0x20 Move.o
 .debug_aranges
                0x00000080       0x20 Sensor.o
 .debug_aranges
                0x000000a0       0x20 c:/program files (x86)/atmel/avr tools/avr toolchain/bin/../lib/gcc/avr/4.5.1/../../../../avr/lib/avr51\libc.a(sprintf.o)
 .debug_aranges
                0x000000c0       0x20 c:/program files (x86)/atmel/avr tools/avr toolchain/bin/../lib/gcc/avr/4.5.1/../../../../avr/lib/avr51\libc.a(vfprintf_std.o)
 .debug_aranges
                0x000000e0       0x20 c:/program files (x86)/atmel/avr tools/avr toolchain/bin/../lib/gcc/avr/4.5.1/../../../../avr/lib/avr51\libc.a(fputc.o)

.debug_pubnames
                0x00000000      0x941
 *(.debug_pubnames)
 .debug_pubnames
                0x00000000      0x1b6 Interface.o
 .debug_pubnames
                0x000001b6      0x1a3 MobileRobot.o
 .debug_pubnames
                0x00000359      0x218 Motor.o
 .debug_pubnames
                0x00000571      0x263 Move.o
 .debug_pubnames
                0x000007d4      0x114 Sensor.o
 .debug_pubnames
                0x000008e8       0x1e c:/program files (x86)/atmel/avr tools/avr toolchain/bin/../lib/gcc/avr/4.5.1/../../../../avr/lib/avr51\libc.a(sprintf.o)
 .debug_pubnames
                0x00000906       0x1f c:/program files (x86)/atmel/avr tools/avr toolchain/bin/../lib/gcc/avr/4.5.1/../../../../avr/lib/avr51\libc.a(vfprintf_std.o)
 .debug_pubnames
                0x00000925       0x1c c:/program files (x86)/atmel/avr tools/avr toolchain/bin/../lib/gcc/avr/4.5.1/../../../../avr/lib/avr51\libc.a(fputc.o)

.debug_info     0x00000000     0x3d29
 *(.debug_info)
 .debug_info    0x00000000      0x76c Interface.o
 .debug_info    0x0000076c      0xb87 MobileRobot.o
 .debug_info    0x000012f3      0xa3b Motor.o
 .debug_info    0x00001d2e     0x15d9 Move.o
 .debug_info    0x00003307      0x3b4 Sensor.o
 .debug_info    0x000036bb      0x1b7 c:/program files (x86)/atmel/avr tools/avr toolchain/bin/../lib/gcc/avr/4.5.1/../../../../avr/lib/avr51\libc.a(sprintf.o)
 .debug_info    0x00003872      0x350 c:/program files (x86)/atmel/avr tools/avr toolchain/bin/../lib/gcc/avr/4.5.1/../../../../avr/lib/avr51\libc.a(vfprintf_std.o)
 .debug_info    0x00003bc2      0x167 c:/program files (x86)/atmel/avr tools/avr toolchain/bin/../lib/gcc/avr/4.5.1/../../../../avr/lib/avr51\libc.a(fputc.o)
 *(.gnu.linkonce.wi.*)

.debug_abbrev   0x00000000      0xe5a
 *(.debug_abbrev)
 .debug_abbrev  0x00000000      0x1eb Interface.o
 .debug_abbrev  0x000001eb      0x277 MobileRobot.o
 .debug_abbrev  0x00000462      0x2c2 Motor.o
 .debug_abbrev  0x00000724      0x2c9 Move.o
 .debug_abbrev  0x000009ed      0x138 Sensor.o
 .debug_abbrev  0x00000b25       0xfd c:/program files (x86)/atmel/avr tools/avr toolchain/bin/../lib/gcc/avr/4.5.1/../../../../avr/lib/avr51\libc.a(sprintf.o)
 .debug_abbrev  0x00000c22      0x15f c:/program files (x86)/atmel/avr tools/avr toolchain/bin/../lib/gcc/avr/4.5.1/../../../../avr/lib/avr51\libc.a(vfprintf_std.o)
 .debug_abbrev  0x00000d81       0xd9 c:/program files (x86)/atmel/avr tools/avr toolchain/bin/../lib/gcc/avr/4.5.1/../../../../avr/lib/avr51\libc.a(fputc.o)

.debug_line     0x00000000     0x4baf
 *(.debug_line)
 .debug_line    0x00000000      0x552 Interface.o
 .debug_line    0x00000552     0x1c8a MobileRobot.o
 .debug_line    0x000021dc      0x856 Motor.o
 .debug_line    0x00002a32     0x157a Move.o
 .debug_line    0x00003fac      0x2c0 Sensor.o
 .debug_line    0x0000426c      0x1af c:/program files (x86)/atmel/avr tools/avr toolchain/bin/../lib/gcc/avr/4.5.1/../../../../avr/lib/avr51\libc.a(sprintf.o)
 .debug_line    0x0000441b      0x64d c:/program files (x86)/atmel/avr tools/avr toolchain/bin/../lib/gcc/avr/4.5.1/../../../../avr/lib/avr51\libc.a(vfprintf_std.o)
 .debug_line    0x00004a68      0x147 c:/program files (x86)/atmel/avr tools/avr toolchain/bin/../lib/gcc/avr/4.5.1/../../../../avr/lib/avr51\libc.a(fputc.o)

.debug_frame    0x00000000      0x4d0
 *(.debug_frame)
 .debug_frame   0x00000000       0xd0 Interface.o
 .debug_frame   0x000000d0       0x50 MobileRobot.o
 .debug_frame   0x00000120      0x130 Motor.o
 .debug_frame   0x00000250      0x1c0 Move.o
 .debug_frame   0x00000410       0x60 Sensor.o
 .debug_frame   0x00000470       0x20 c:/program files (x86)/atmel/avr tools/avr toolchain/bin/../lib/gcc/avr/4.5.1/../../../../avr/lib/avr51\libc.a(sprintf.o)
 .debug_frame   0x00000490       0x20 c:/program files (x86)/atmel/avr tools/avr toolchain/bin/../lib/gcc/avr/4.5.1/../../../../avr/lib/avr51\libc.a(vfprintf_std.o)
 .debug_frame   0x000004b0       0x20 c:/program files (x86)/atmel/avr tools/avr toolchain/bin/../lib/gcc/avr/4.5.1/../../../../avr/lib/avr51\libc.a(fputc.o)

.debug_str      0x00000000      0x68b
 *(.debug_str)
 .debug_str     0x00000000      0x21b Interface.o
                                0x276 (size before relaxing)
 .debug_str     0x0000021b       0xcf MobileRobot.o
                                0x26c (size before relaxing)
 .debug_str     0x000002ea      0x119 Motor.o
                                0x2c9 (size before relaxing)
 .debug_str     0x00000403       0x9d Move.o
                                0x265 (size before relaxing)
 .debug_str     0x000004a0       0x4c Sensor.o
                                0x1a8 (size before relaxing)
 .debug_str     0x000004ec       0x99 c:/program files (x86)/atmel/avr tools/avr toolchain/bin/../lib/gcc/avr/4.5.1/../../../../avr/lib/avr51\libc.a(sprintf.o)
                                0x121 (size before relaxing)
 .debug_str     0x00000585       0xb0 c:/program files (x86)/atmel/avr tools/avr toolchain/bin/../lib/gcc/avr/4.5.1/../../../../avr/lib/avr51\libc.a(vfprintf_std.o)
                                0x177 (size before relaxing)
 .debug_str     0x00000635       0x56 c:/program files (x86)/atmel/avr tools/avr toolchain/bin/../lib/gcc/avr/4.5.1/../../../../avr/lib/avr51\libc.a(fputc.o)
                                 0xfb (size before relaxing)

.debug_loc      0x00000000     0x3fe5
 *(.debug_loc)
 .debug_loc     0x00000000      0x37f Interface.o
 .debug_loc     0x0000037f      0x37c MobileRobot.o
 .debug_loc     0x000006fb      0x9d4 Motor.o
 .debug_loc     0x000010cf     0x2748 Move.o
 .debug_loc     0x00003817       0xcd Sensor.o
 .debug_loc     0x000038e4      0x6b1 c:/program files (x86)/atmel/avr tools/avr toolchain/bin/../lib/gcc/avr/4.5.1/../../../../avr/lib/avr51\libc.a(vfprintf_std.o)
 .debug_loc     0x00003f95       0x50 c:/program files (x86)/atmel/avr tools/avr toolchain/bin/../lib/gcc/avr/4.5.1/../../../../avr/lib/avr51\libc.a(fputc.o)

.debug_macinfo
 *(.debug_macinfo)
OUTPUT(MR.elf elf32-avr)
LOAD linker stubs

.debug_pubtypes
                0x00000000      0x1cd
 .debug_pubtypes
                0x00000000       0x38 Interface.o
 .debug_pubtypes
                0x00000038       0x38 MobileRobot.o
 .debug_pubtypes
                0x00000070       0x50 Motor.o
 .debug_pubtypes
                0x000000c0       0x2b Move.o
 .debug_pubtypes
                0x000000eb       0x1e Sensor.o
 .debug_pubtypes
                0x00000109       0x48 c:/program files (x86)/atmel/avr tools/avr toolchain/bin/../lib/gcc/avr/4.5.1/../../../../avr/lib/avr51\libc.a(sprintf.o)
 .debug_pubtypes
                0x00000151       0x53 c:/program files (x86)/atmel/avr tools/avr toolchain/bin/../lib/gcc/avr/4.5.1/../../../../avr/lib/avr51\libc.a(vfprintf_std.o)
 .debug_pubtypes
                0x000001a4       0x29 c:/program files (x86)/atmel/avr tools/avr toolchain/bin/../lib/gcc/avr/4.5.1/../../../../avr/lib/avr51\libc.a(fputc.o)

.debug_ranges   0x00000000       0x78
 .debug_ranges  0x00000000       0x30 MobileRobot.o
 .debug_ranges  0x00000030       0x10 c:/program files (x86)/atmel/avr tools/avr toolchain/bin/../lib/gcc/avr/4.5.1/../../../../avr/lib/avr51\libc.a(sprintf.o)
 .debug_ranges  0x00000040       0x28 c:/program files (x86)/atmel/avr tools/avr toolchain/bin/../lib/gcc/avr/4.5.1/../../../../avr/lib/avr51\libc.a(vfprintf_std.o)
 .debug_ranges  0x00000068       0x10 c:/program files (x86)/atmel/avr tools/avr toolchain/bin/../lib/gcc/avr/4.5.1/../../../../avr/lib/avr51\libc.a(fputc.o)
